
> oyengridlanding@0.1.0 build
> next build

Ôû▓ Next.js 16.2.4 (Turbopack)

  Creating an optimized production build ...
Ô£ô Compiled successfully in 20.7s
  Running TypeScript ...
